#-----------------------------------------------------------
# Vivado v2020.2 (64-bit)
# SW Build 3064766 on Wed Nov 18 09:12:45 MST 2020
# IP Build 3064653 on Wed Nov 18 14:17:31 MST 2020
# Start of session at: Thu Sep  8 19:25:45 2022
# Process ID: 15084
# Current directory: D:/HustProjects/Project_Of_HardwareSystem_2022/2022秋硬件综合训练课设资料发布包/cpu21-riscv/Verilog/cpu21-riscv/Single_cycle_CPU/mips_cpu/mips_cpu.runs/synth_1
# Command line: vivado.exe -log single_cycle_cpu.vds -product Vivado -mode batch -messageDb vivado.pb -notrace -source single_cycle_cpu.tcl
# Log file: D:/HustProjects/Project_Of_HardwareSystem_2022/2022秋硬件综合训练课设资料发布包/cpu21-riscv/Verilog/cpu21-riscv/Single_cycle_CPU/mips_cpu/mips_cpu.runs/synth_1/single_cycle_cpu.vds
# Journal file: D:/HustProjects/Project_Of_HardwareSystem_2022/2022秋硬件综合训练课设资料发布包/cpu21-riscv/Verilog/cpu21-riscv/Single_cycle_CPU/mips_cpu/mips_cpu.runs/synth_1\vivado.jou
#-----------------------------------------------------------
source single_cycle_cpu.tcl -notrace
