#-----------------------------------------------------------
# Vivado v2020.2 (64-bit)
# SW Build 3064766 on Wed Nov 18 09:12:45 MST 2020
# IP Build 3064653 on Wed Nov 18 14:17:31 MST 2020
# Start of session at: Thu Sep  8 18:53:45 2022
# Process ID: 11584
# Current directory: D:/HustProjects/Project_Of_HardwareSystem_2022/2022秋硬件综合训练课设资料发布包/cpu21-riscv/Verilog/cpu21-riscv/Single_cycle_CPU/mips_cpu
# Command line: vivado.exe -gui_launcher_event rodinguilauncherevent9028 D:\HustProjects\Project_Of_HardwareSystem_2022\2022秋硬件综合训练课设资料发布包\cpu21-riscv\Verilog\cpu21-riscv\Single_cycle_CPU\mips_cpu\mips_cpu.xpr
# Log file: D:/HustProjects/Project_Of_HardwareSystem_2022/2022秋硬件综合训练课设资料发布包/cpu21-riscv/Verilog/cpu21-riscv/Single_cycle_CPU/mips_cpu/vivado.log
# Journal file: D:/HustProjects/Project_Of_HardwareSystem_2022/2022秋硬件综合训练课设资料发布包/cpu21-riscv/Verilog/cpu21-riscv/Single_cycle_CPU/mips_cpu\vivado.jou
#-----------------------------------------------------------
start_gui
open_project D:/HustProjects/Project_Of_HardwareSystem_2022/2022秋硬件综合训练课设资料发布包/cpu21-riscv/Verilog/cpu21-riscv/Single_cycle_CPU/mips_cpu/mips_cpu.xpr
update_compile_order -fileset sources_1
reset_run synth_1
launch_runs impl_1 -to_step write_bitstream -jobs 6
wait_on_run impl_1
reset_run synth_1
launch_runs impl_1 -to_step write_bitstream -jobs 6
wait_on_run impl_1
reset_run synth_1
launch_runs impl_1 -to_step write_bitstream -jobs 6
wait_on_run impl_1
reset_run synth_1
launch_runs impl_1 -to_step write_bitstream -jobs 6
wait_on_run impl_1
reset_run synth_1
launch_runs impl_1 -to_step write_bitstream -jobs 6
wait_on_run impl_1
reset_run synth_1
launch_runs impl_1 -to_step write_bitstream -jobs 6
wait_on_run impl_1
reset_run synth_1
launch_runs impl_1 -to_step write_bitstream -jobs 6
wait_on_run impl_1
reset_run synth_1
launch_runs impl_1 -to_step write_bitstream -jobs 6 -scripts_only
wait_on_run impl_1
reset_run synth_1
launch_runs synth_1 -jobs 6
wait_on_run synth_1
