#-----------------------------------------------------------
# Vivado v2020.2 (64-bit)
# SW Build 3064766 on Wed Nov 18 09:12:45 MST 2020
# IP Build 3064653 on Wed Nov 18 14:17:31 MST 2020
# Start of session at: Wed Oct 26 17:38:38 2022
# Process ID: 17500
# Current directory: D:/GitProjects/HustProjects/Project_Of_HardwareSystem_2022/2022秋硬件综合训练课设资料发布包/cpu21-riscv/Verilog/cpu21-riscv/Single_cycle_CPU
# Command line: vivado.exe -gui_launcher_event rodinguilauncherevent8012 D:\GitProjects\HustProjects\Project_Of_HardwareSystem_2022\2022秋硬件综合训练课设资料发布包\cpu21-riscv\Verilog\cpu21-riscv\Single_cycle_CPU\single_cycle_cpu.xpr
# Log file: D:/GitProjects/HustProjects/Project_Of_HardwareSystem_2022/2022秋硬件综合训练课设资料发布包/cpu21-riscv/Verilog/cpu21-riscv/Single_cycle_CPU/vivado.log
# Journal file: D:/GitProjects/HustProjects/Project_Of_HardwareSystem_2022/2022秋硬件综合训练课设资料发布包/cpu21-riscv/Verilog/cpu21-riscv/Single_cycle_CPU\vivado.jou
#-----------------------------------------------------------
start_gui
open_project D:/GitProjects/HustProjects/Project_Of_HardwareSystem_2022/2022秋硬件综合训练课设资料发布包/cpu21-riscv/Verilog/cpu21-riscv/Single_cycle_CPU/single_cycle_cpu.xpr
update_compile_order -fileset sources_1
