#-----------------------------------------------------------
# Vivado v2020.2 (64-bit)
# SW Build 3064766 on Wed Nov 18 09:12:45 MST 2020
# IP Build 3064653 on Wed Nov 18 14:17:31 MST 2020
# Start of session at: Thu Oct 27 13:20:29 2022
# Process ID: 8056
# Current directory: D:/GitProjects/HustProjects/Project_Of_HardwareSystem_2022/fucking/cpu21-riscv/Verilog/cpu21-riscv/Single_cycle_CPU
# Command line: vivado.exe -gui_launcher_event rodinguilauncherevent5652 D:\GitProjects\HustProjects\Project_Of_HardwareSystem_2022\fucking\cpu21-riscv\Verilog\cpu21-riscv\Single_cycle_CPU\single_cycle_cpu.xpr
# Log file: D:/GitProjects/HustProjects/Project_Of_HardwareSystem_2022/fucking/cpu21-riscv/Verilog/cpu21-riscv/Single_cycle_CPU/vivado.log
# Journal file: D:/GitProjects/HustProjects/Project_Of_HardwareSystem_2022/fucking/cpu21-riscv/Verilog/cpu21-riscv/Single_cycle_CPU\vivado.jou
#-----------------------------------------------------------
start_gui
open_project D:/GitProjects/HustProjects/Project_Of_HardwareSystem_2022/fucking/cpu21-riscv/Verilog/cpu21-riscv/Single_cycle_CPU/single_cycle_cpu.xpr
update_compile_order -fileset sources_1
open_hw_manager
connect_hw_server -allow_non_jtag
open_hw_target
set_property PROGRAM.FILE {D:/GitProjects/HustProjects/Project_Of_HardwareSystem_2022/fucking/cpu21-riscv/Verilog/cpu21-riscv/Single_cycle_CPU/single_cycle_cpu.runs/impl_1/single_cycle_cpu.bit} [get_hw_devices xc7a100t_0]
current_hw_device [get_hw_devices xc7a100t_0]
refresh_hw_device -update_hw_probes false [lindex [get_hw_devices xc7a100t_0] 0]
set_property PROBES.FILE {} [get_hw_devices xc7a100t_0]
set_property FULL_PROBES.FILE {} [get_hw_devices xc7a100t_0]
set_property PROGRAM.FILE {D:/GitProjects/HustProjects/Project_Of_HardwareSystem_2022/fucking/cpu21-riscv/Verilog/cpu21-riscv/Single_cycle_CPU/single_cycle_cpu.runs/impl_1/single_cycle_cpu.bit} [get_hw_devices xc7a100t_0]
program_hw_devices [get_hw_devices xc7a100t_0]
refresh_hw_device [lindex [get_hw_devices xc7a100t_0] 0]
set_property PROBES.FILE {} [get_hw_devices xc7a100t_0]
set_property FULL_PROBES.FILE {} [get_hw_devices xc7a100t_0]
set_property PROGRAM.FILE {D:/GitProjects/HustProjects/Project_Of_HardwareSystem_2022/fucking/cpu21-riscv/Verilog/cpu21-riscv/Single_cycle_CPU/single_cycle_cpu.runs/impl_1/single_cycle_cpu.bit} [get_hw_devices xc7a100t_0]
program_hw_devices [get_hw_devices xc7a100t_0]
refresh_hw_device [lindex [get_hw_devices xc7a100t_0] 0]
close_hw_manager
open_hw_manager
connect_hw_server -allow_non_jtag
open_hw_target
set_property PROBES.FILE {} [get_hw_devices xc7a100t_0]
set_property FULL_PROBES.FILE {} [get_hw_devices xc7a100t_0]
set_property PROGRAM.FILE {D:/GitProjects/HustProjects/Project_Of_HardwareSystem_2022/fucking/cpu21-riscv/Verilog/cpu21-riscv/Single_cycle_CPU/single_cycle_cpu.runs/impl_1/single_cycle_cpu.bit} [get_hw_devices xc7a100t_0]
program_hw_devices [get_hw_devices xc7a100t_0]
refresh_hw_device [lindex [get_hw_devices xc7a100t_0] 0]
close_hw_manager
