#-----------------------------------------------------------
# Vivado v2020.2 (64-bit)
# SW Build 3064766 on Wed Nov 18 09:12:45 MST 2020
# IP Build 3064653 on Wed Nov 18 14:17:31 MST 2020
# Start of session at: Sun Sep 11 07:21:59 2022
# Process ID: 4744
# Current directory: D:/QQ/QQmsg/2849458605/FileRecv/Single_cycle_CPU
# Command line: vivado.exe -gui_launcher_event rodinguilauncherevent14316 D:\QQ\QQmsg\2849458605\FileRecv\Single_cycle_CPU\single_cycle_cpu.xpr
# Log file: D:/QQ/QQmsg/2849458605/FileRecv/Single_cycle_CPU/vivado.log
# Journal file: D:/QQ/QQmsg/2849458605/FileRecv/Single_cycle_CPU\vivado.jou
#-----------------------------------------------------------
start_gui
open_project D:/QQ/QQmsg/2849458605/FileRecv/Single_cycle_CPU/single_cycle_cpu.xpr
update_compile_order -fileset sources_1
launch_simulation
source simforcpu.tcl
close_sim
launch_simulation
source simforcpu.tcl
close_sim
launch_simulation
source simforcpu.tcl
close_sim
launch_simulation
source simforcpu.tcl
close_sim
launch_simulation
source simforcpu.tcl
close_sim
launch_simulation
source simforcpu.tcl
close_sim
launch_simulation
source simforcpu.tcl
close_sim
launch_simulation
source simforcpu.tcl
close_sim
launch_simulation
source simforcpu.tcl
close_sim
launch_simulation
source simforcpu.tcl
close_sim
launch_simulation
source simforcpu.tcl
set_property SOURCE_SET sources_1 [get_filesets sim_1]
close [ open D:/QQ/QQmsg/2849458605/FileRecv/Single_cycle_CPU/single_cycle_cpu.srcs/sim_1/new/TestReg.v w ]
add_files -fileset sim_1 D:/QQ/QQmsg/2849458605/FileRecv/Single_cycle_CPU/single_cycle_cpu.srcs/sim_1/new/TestReg.v
update_compile_order -fileset sim_1
# Disabling source management mode.  This is to allow the top design properties to be set without GUI intervention.
set_property source_mgmt_mode None [current_project]
set_property top TestReg [get_filesets sim_1]
set_property top_lib xil_defaultlib [get_filesets sim_1]
# Re-enabling previously disabled source management mode.
set_property source_mgmt_mode All [current_project]
update_compile_order -fileset sim_1
launch_simulation
close_sim
launch_simulation
source TestReg.tcl
close_sim
launch_simulation
source TestReg.tcl
close_sim
launch_simulation
source TestReg.tcl
close_sim
launch_simulation
source TestReg.tcl
close_sim
launch_simulation
source TestReg.tcl
close_sim
# Disabling source management mode.  This is to allow the top design properties to be set without GUI intervention.
set_property source_mgmt_mode None [current_project]
set_property top simforcpu [get_filesets sim_1]
set_property top_lib xil_defaultlib [get_filesets sim_1]
# Re-enabling previously disabled source management mode.
set_property source_mgmt_mode All [current_project]
update_compile_order -fileset sim_1
launch_simulation
source simforcpu.tcl
close_sim
launch_simulation
source simforcpu.tcl
close_sim
launch_simulation
source simforcpu.tcl
close_sim
launch_simulation
set_property SOURCE_SET sources_1 [get_filesets sim_1]
close [ open D:/QQ/QQmsg/2849458605/FileRecv/Single_cycle_CPU/single_cycle_cpu.srcs/sim_1/new/Testdisplay.v w ]
add_files -fileset sim_1 D:/QQ/QQmsg/2849458605/FileRecv/Single_cycle_CPU/single_cycle_cpu.srcs/sim_1/new/Testdisplay.v
update_compile_order -fileset sim_1
# Disabling source management mode.  This is to allow the top design properties to be set without GUI intervention.
set_property source_mgmt_mode None [current_project]
set_property top Testdisplay [get_filesets sim_1]
set_property top_lib xil_defaultlib [get_filesets sim_1]
# Re-enabling previously disabled source management mode.
set_property source_mgmt_mode All [current_project]
update_compile_order -fileset sim_1
launch_simulation
source Testdisplay.tcl
close_sim
launch_simulation
source Testdisplay.tcl
close_sim
launch_simulation
source Testdisplay.tcl
close_sim
launch_simulation
source Testdisplay.tcl
close_sim
launch_simulation
source Testdisplay.tcl
close_sim
# Disabling source management mode.  This is to allow the top design properties to be set without GUI intervention.
set_property source_mgmt_mode None [current_project]
set_property top simforcpu [get_filesets sim_1]
set_property top_lib xil_defaultlib [get_filesets sim_1]
# Re-enabling previously disabled source management mode.
set_property source_mgmt_mode All [current_project]
update_compile_order -fileset sim_1
launch_simulation
source simforcpu.tcl
close_sim
