#-----------------------------------------------------------
# Vivado v2020.2 (64-bit)
# SW Build 3064766 on Wed Nov 18 09:12:45 MST 2020
# IP Build 3064653 on Wed Nov 18 14:17:31 MST 2020
# Start of session at: Mon Sep 12 09:17:30 2022
# Process ID: 4468
# Current directory: D:/QQ/QQmsg/2849458605/FileRecv/Single_cycle_CPU
# Command line: vivado.exe -gui_launcher_event rodinguilauncherevent17524 D:\QQ\QQmsg\2849458605\FileRecv\Single_cycle_CPU\single_cycle_cpu.xpr
# Log file: D:/QQ/QQmsg/2849458605/FileRecv/Single_cycle_CPU/vivado.log
# Journal file: D:/QQ/QQmsg/2849458605/FileRecv/Single_cycle_CPU\vivado.jou
#-----------------------------------------------------------
start_gui
open_project D:/QQ/QQmsg/2849458605/FileRecv/Single_cycle_CPU/single_cycle_cpu.xpr
update_compile_order -fileset sources_1
reset_run synth_1
launch_runs impl_1 -to_step write_bitstream -jobs 6
wait_on_run impl_1
reset_run synth_1
launch_runs impl_1 -to_step write_bitstream -jobs 6
wait_on_run impl_1
open_hw_manager
connect_hw_server -allow_non_jtag
open_hw_target
set_property PROGRAM.FILE {D:/QQ/QQmsg/2849458605/FileRecv/Single_cycle_CPU/single_cycle_cpu.runs/impl_1/single_cycle_cpu.bit} [get_hw_devices xc7a100t_0]
current_hw_device [get_hw_devices xc7a100t_0]
refresh_hw_device -update_hw_probes false [lindex [get_hw_devices xc7a100t_0] 0]
set_property PROBES.FILE {} [get_hw_devices xc7a100t_0]
set_property FULL_PROBES.FILE {} [get_hw_devices xc7a100t_0]
set_property PROGRAM.FILE {D:/QQ/QQmsg/2849458605/FileRecv/Single_cycle_CPU/single_cycle_cpu.runs/impl_1/single_cycle_cpu.bit} [get_hw_devices xc7a100t_0]
program_hw_devices [get_hw_devices xc7a100t_0]
refresh_hw_device [lindex [get_hw_devices xc7a100t_0] 0]
update_compile_order -fileset sources_1
set_property PROBES.FILE {} [get_hw_devices xc7a100t_0]
set_property FULL_PROBES.FILE {} [get_hw_devices xc7a100t_0]
set_property PROGRAM.FILE {D:/QQ/QQmsg/2849458605/FileRecv/Single_cycle_CPU/single_cycle_cpu.runs/impl_1/single_cycle_cpu.bit} [get_hw_devices xc7a100t_0]
program_hw_devices [get_hw_devices xc7a100t_0]
refresh_hw_device [lindex [get_hw_devices xc7a100t_0] 0]
reset_run synth_1
launch_runs impl_1 -to_step write_bitstream -jobs 6
wait_on_run impl_1
set_property PROBES.FILE {} [get_hw_devices xc7a100t_0]
set_property FULL_PROBES.FILE {} [get_hw_devices xc7a100t_0]
set_property PROGRAM.FILE {D:/QQ/QQmsg/2849458605/FileRecv/Single_cycle_CPU/single_cycle_cpu.runs/impl_1/single_cycle_cpu.bit} [get_hw_devices xc7a100t_0]
program_hw_devices [get_hw_devices xc7a100t_0]
refresh_hw_device [lindex [get_hw_devices xc7a100t_0] 0]
close_hw_manager
reset_run synth_1
launch_runs impl_1 -to_step write_bitstream -jobs 6
wait_on_run impl_1
open_hw_manager
connect_hw_server -allow_non_jtag
open_hw_target
set_property PROGRAM.FILE {D:/QQ/QQmsg/2849458605/FileRecv/Single_cycle_CPU/single_cycle_cpu.runs/impl_1/single_cycle_cpu.bit} [get_hw_devices xc7a100t_0]
current_hw_device [get_hw_devices xc7a100t_0]
refresh_hw_device -update_hw_probes false [lindex [get_hw_devices xc7a100t_0] 0]
set_property PROBES.FILE {} [get_hw_devices xc7a100t_0]
set_property FULL_PROBES.FILE {} [get_hw_devices xc7a100t_0]
set_property PROGRAM.FILE {D:/QQ/QQmsg/2849458605/FileRecv/Single_cycle_CPU/single_cycle_cpu.runs/impl_1/single_cycle_cpu.bit} [get_hw_devices xc7a100t_0]
program_hw_devices [get_hw_devices xc7a100t_0]
refresh_hw_device [lindex [get_hw_devices xc7a100t_0] 0]
reset_run impl_1 -prev_step 
launch_runs impl_1 -to_step write_bitstream -jobs 6
wait_on_run impl_1
set_property PROBES.FILE {} [get_hw_devices xc7a100t_0]
set_property FULL_PROBES.FILE {} [get_hw_devices xc7a100t_0]
set_property PROGRAM.FILE {D:/QQ/QQmsg/2849458605/FileRecv/Single_cycle_CPU/single_cycle_cpu.runs/impl_1/single_cycle_cpu.bit} [get_hw_devices xc7a100t_0]
program_hw_devices [get_hw_devices xc7a100t_0]
refresh_hw_device [lindex [get_hw_devices xc7a100t_0] 0]
close_hw_manager
open_hw_manager
connect_hw_server -allow_non_jtag
open_hw_target
set_property PROGRAM.FILE {D:/QQ/QQmsg/2849458605/FileRecv/Single_cycle_CPU/single_cycle_cpu.runs/impl_1/single_cycle_cpu.bit} [get_hw_devices xc7a100t_0]
current_hw_device [get_hw_devices xc7a100t_0]
refresh_hw_device -update_hw_probes false [lindex [get_hw_devices xc7a100t_0] 0]
set_property PROBES.FILE {} [get_hw_devices xc7a100t_0]
set_property FULL_PROBES.FILE {} [get_hw_devices xc7a100t_0]
set_property PROGRAM.FILE {D:/QQ/QQmsg/2849458605/FileRecv/Single_cycle_CPU/single_cycle_cpu.runs/impl_1/single_cycle_cpu.bit} [get_hw_devices xc7a100t_0]
program_hw_devices [get_hw_devices xc7a100t_0]
refresh_hw_device [lindex [get_hw_devices xc7a100t_0] 0]
close_hw_manager
launch_simulation
launch_simulation
source simforcpu.tcl
close_sim
launch_simulation
launch_simulation
launch_simulation
source simforcpu.tcl
export_ip_user_files -of_objects  [get_files D:/../../QQ/QQmsg/2849458605/FileRecv/display.v] -no_script -reset -force -quiet
remove_files  D:/../../QQ/QQmsg/2849458605/FileRecv/display.v
export_ip_user_files -of_objects  [get_files D:/../../QQ/QQmsg/2849458605/FileRecv/divider.v] -no_script -reset -force -quiet
remove_files  D:/../../QQ/QQmsg/2849458605/FileRecv/divider.v
close_sim
launch_simulation
source simforcpu.tcl
reset_run synth_1
launch_runs impl_1 -to_step write_bitstream -jobs 6
wait_on_run impl_1
reset_run synth_1
launch_runs impl_1 -to_step write_bitstream -jobs 6
wait_on_run impl_1
open_hw_manager
connect_hw_server -allow_non_jtag
open_hw_target
set_property PROGRAM.FILE {D:/QQ/QQmsg/2849458605/FileRecv/Single_cycle_CPU/single_cycle_cpu.runs/impl_1/single_cycle_cpu.bit} [get_hw_devices xc7a100t_0]
current_hw_device [get_hw_devices xc7a100t_0]
refresh_hw_device -update_hw_probes false [lindex [get_hw_devices xc7a100t_0] 0]
set_property PROBES.FILE {} [get_hw_devices xc7a100t_0]
set_property FULL_PROBES.FILE {} [get_hw_devices xc7a100t_0]
set_property PROGRAM.FILE {D:/QQ/QQmsg/2849458605/FileRecv/Single_cycle_CPU/single_cycle_cpu.runs/impl_1/single_cycle_cpu.bit} [get_hw_devices xc7a100t_0]
program_hw_devices [get_hw_devices xc7a100t_0]
refresh_hw_device [lindex [get_hw_devices xc7a100t_0] 0]
close_hw_manager
close_sim
launch_simulation
source simforcpu.tcl
close_sim
launch_simulation
source simforcpu.tcl
reset_run synth_1
launch_runs impl_1 -to_step write_bitstream -jobs 6
wait_on_run impl_1
open_hw_manager
connect_hw_server -allow_non_jtag
open_hw_target
set_property PROGRAM.FILE {D:/QQ/QQmsg/2849458605/FileRecv/Single_cycle_CPU/single_cycle_cpu.runs/impl_1/single_cycle_cpu.bit} [get_hw_devices xc7a100t_0]
current_hw_device [get_hw_devices xc7a100t_0]
refresh_hw_device -update_hw_probes false [lindex [get_hw_devices xc7a100t_0] 0]
set_property PROBES.FILE {} [get_hw_devices xc7a100t_0]
set_property FULL_PROBES.FILE {} [get_hw_devices xc7a100t_0]
set_property PROGRAM.FILE {D:/QQ/QQmsg/2849458605/FileRecv/Single_cycle_CPU/single_cycle_cpu.runs/impl_1/single_cycle_cpu.bit} [get_hw_devices xc7a100t_0]
program_hw_devices [get_hw_devices xc7a100t_0]
refresh_hw_device [lindex [get_hw_devices xc7a100t_0] 0]
reset_run synth_1
launch_runs impl_1 -to_step write_bitstream -jobs 6
wait_on_run impl_1
set_property PROBES.FILE {} [get_hw_devices xc7a100t_0]
set_property FULL_PROBES.FILE {} [get_hw_devices xc7a100t_0]
set_property PROGRAM.FILE {D:/QQ/QQmsg/2849458605/FileRecv/Single_cycle_CPU/single_cycle_cpu.runs/impl_1/single_cycle_cpu.bit} [get_hw_devices xc7a100t_0]
program_hw_devices [get_hw_devices xc7a100t_0]
refresh_hw_device [lindex [get_hw_devices xc7a100t_0] 0]
reset_run synth_1
launch_runs impl_1 -to_step write_bitstream -jobs 6
wait_on_run impl_1
set_property PROBES.FILE {} [get_hw_devices xc7a100t_0]
set_property FULL_PROBES.FILE {} [get_hw_devices xc7a100t_0]
set_property PROGRAM.FILE {D:/QQ/QQmsg/2849458605/FileRecv/Single_cycle_CPU/single_cycle_cpu.runs/impl_1/single_cycle_cpu.bit} [get_hw_devices xc7a100t_0]
program_hw_devices [get_hw_devices xc7a100t_0]
refresh_hw_device [lindex [get_hw_devices xc7a100t_0] 0]
close_hw_manager
close_sim
launch_simulation
source simforcpu.tcl
run 10000 ms
close_sim
launch_simulation
source simforcpu.tcl
run 1 us
run 10 us
close_sim
launch_simulation
source simforcpu.tcl
run 10 us
close_sim
launch_simulation
source simforcpu.tcl
run 10 us
close_sim
launch_simulation
source simforcpu.tcl
run 10 us
close_sim
launch_simulation
source simforcpu.tcl
run 10 us
close_sim
launch_simulation
source simforcpu.tcl
run 10 us
close_sim
